[blogosphere.cmsmasters.net/modern/index.html]
[backblue.gif]
[fade.gif]
[index.html]
[blogosphere.cmsmasters.net/modern/wp-content/plugins/instagram-feed/css/sbi-styles.mind42d.css]
[blogosphere.cmsmasters.net/modern/wp-content/plugins/LayerSlider/assets/static/layerslider/css/layerslider56ef.css]
[blogosphere.cmsmasters.net/modern/feed/index.html]
[blogosphere.cmsmasters.net/modern/wp-includes/css/dist/block-library/style.min1eb7.css]
[blogosphere.cmsmasters.net/modern/wp-content/plugins/woocommerce/packages/woocommerce-blocks/build/wc-blocks-vendors-style2ff6.css]
[blogosphere.cmsmasters.net/modern/wp-content/plugins/woocommerce/packages/woocommerce-blocks/build/wc-blocks-style2ff6.css]
[blogosphere.cmsmasters.net/modern/wp-content/plugins/contact-form-7/includes/css/styles42f0.css]
[blogosphere.cmsmasters.net/modern/wp-content/plugins/cookie-law-info/legacy/public/css/cookie-law-info-public19ce.css]
[blogosphere.cmsmasters.net/modern/comments/feed/index.html]
[blogosphere.cmsmasters.net/modern/wp-content/plugins/cookie-law-info/legacy/public/css/cookie-law-info-gdpr19ce.css]
[blogosphere.cmsmasters.net/modern/wp-content/themes/blogosphere/style8a54.css]
[blogosphere.cmsmasters.net/modern/wp-content/themes/blogosphere/theme-framework/theme-style/css/style8a54.css]
[blogosphere.cmsmasters.net/modern/wp-content/themes/blogosphere/theme-framework/theme-style/css/adaptive8a54.css]
[blogosphere.cmsmasters.net/modern/wp-content/themes/blogosphere/theme-framework/theme-style/css/retina8a54.css]
[blogosphere.cmsmasters.net/modern/wp-content/uploads/sites/2/2015/11/h2-1.jpg]
[blogosphere.cmsmasters.net/modern/wp-content/uploads/sites/2/2015/11/h2-2.jpg]
[blogosphere.cmsmasters.net/modern/wp-content/uploads/sites/2/2015/11/h2-3.jpg]
[blogosphere.cmsmasters.net/modern/wp-content/themes/blogosphere/css/fontello8a54.css]
[blogosphere.cmsmasters.net/modern/wp-content/themes/blogosphere/theme-vars/theme-style/css/fontello-custom8a54.css]
[blogosphere.cmsmasters.net/modern/wp-content/themes/blogosphere/css/animate8a54.css]
[blogosphere.cmsmasters.net/modern/wp-content/themes/blogosphere/css/ilightbox3601.css]
[blogosphere.cmsmasters.net/modern/wp-content/themes/blogosphere/css/ilightbox-skins/dark-skin3601.css]
[blogosphere.cmsmasters.net/modern/wp-content/uploads/sites/2/cmsmasters_styles/blogosphere8a54.css]
[blogosphere.cmsmasters.net/modern/wp-content/themes/blogosphere/gutenberg/cmsmasters-framework/theme-style/css/frontend-style8a54.css]
[blogosphere.cmsmasters.net/modern/wp-content/themes/blogosphere/woocommerce/cmsmasters-framework/theme-style/css/plugin-style8a54.css]
[blogosphere.cmsmasters.net/modern/wp-content/themes/blogosphere/woocommerce/cmsmasters-framework/theme-style/css/plugin-adaptive8a54.css]
[blogosphere.cmsmasters.net/modern/wp-includes/js/jquery/jquery.minaf6c.js]
[blogosphere.cmsmasters.net/modern/wp-includes/js/jquery/jquery-migrate.mind617.js]
[blogosphere.cmsmasters.net/modern/wp-content/plugins/LayerSlider/assets/static/layerslider/js/layerslider.utils56ef.js]
[blogosphere.cmsmasters.net/modern/wp-content/plugins/LayerSlider/assets/static/layerslider/js/layerslider.transitions56ef.js]
[blogosphere.cmsmasters.net/modern/wp-content/plugins/LayerSlider/assets/static/layerslider/js/layerslider.kreaturamedia.jquery56ef.js]
[blogosphere.cmsmasters.net/modern/wp-content/plugins/cookie-law-info/legacy/public/js/cookie-law-info-public19ce.js]
[blogosphere.cmsmasters.net/modern/wp-content/plugins/revslider/public/assets/js/rbtools.min3883.js]
[blogosphere.cmsmasters.net/modern/wp-content/themes/blogosphere/js/debounced-resize.min8a54.js]
[blogosphere.cmsmasters.net/modern/wp-content/plugins/revslider/public/assets/js/rs6.min3883.js]
[blogosphere.cmsmasters.net/modern/wp-content/themes/blogosphere/js/modernizr.min8a54.js]
[blogosphere.cmsmasters.net/modern/wp-content/themes/blogosphere/js/respond.min8a54.js]
[blogosphere.cmsmasters.net/modern/wp-content/themes/blogosphere/js/jquery.iLightBox.min3601.js]
[blogosphere.cmsmasters.net/modern/wp-json/index.html]
[blogosphere.cmsmasters.net/modern/wp-json/wp/v2/pages/7366.json]
[blogosphere.cmsmasters.net/modern/wp-includes/wlwmanifest.xml]
[blogosphere.cmsmasters.net/modern/wp-json/oembed/1.0/embed4298.json]
[blogosphere.cmsmasters.net/modern/wp-json/oembed/1.0/embed9918]
[blogosphere.cmsmasters.net/modern/wp-content/uploads/sites/2/2017/09/cropped-favicon-2-75x75.png]
[blogosphere.cmsmasters.net/modern/wp-content/uploads/sites/2/2017/09/cropped-favicon-2-300x300.png]
[blogosphere.cmsmasters.net/modern/wp-content/uploads/sites/2/2017/09/cropped-favicon-2-180x180.png]
[blogosphere.cmsmasters.net/modern/wp-content/uploads/sites/2/2017/12/logo-1.png]
[blogosphere.cmsmasters.net/modern/wp-content/uploads/sites/2/2017/12/logo-1-retina.png]
[blogosphere.cmsmasters.net/modern/about-me/index.html]
[blogosphere.cmsmasters.net/modern/wp-content/plugins/revslider/public/assets/assets/dummy.png]
[blogosphere.cmsmasters.net/modern/2017/09/15/take-care-of-your-house-this-spring-with-flowers/index.html]
[blogosphere.cmsmasters.net/modern/wp-content/uploads/sites/2/2017/09/blog2-1.jpg]
[blogosphere.cmsmasters.net/modern/2017/09/01/tactics-for-avoiding-the-comparison-trap/index.html]
[blogosphere.cmsmasters.net/modern/2017/09/24/small-home-design-ideas-pictures-and-decor/index.html]
[blogosphere.cmsmasters.net/modern/wp-content/uploads/sites/2/2017/09/blog2-1-1160x738.jpg]
[blogosphere.cmsmasters.net/modern/wp-content/uploads/sites/2/2017/09/blog2-2.jpg]
[blogosphere.cmsmasters.net/modern/2017/09/03/how-to-be-more-creative/index.html]
[blogosphere.cmsmasters.net/modern/2017/09/04/husky-rescue-new-light-of-tomorrow/index.html]
[blogosphere.cmsmasters.net/modern/wp-content/uploads/sites/2/2017/09/blog2-2-1160x761.jpg]
[blogosphere.cmsmasters.net/modern/standard-blog/index.html]
[blogosphere.cmsmasters.net/modern/wp-content/uploads/sites/2/2017/09/blog2-3.jpg]
[blogosphere.cmsmasters.net/modern/masonry-blog/index.html]
[blogosphere.cmsmasters.net/modern/timeline-blog/index.html]
[blogosphere.cmsmasters.net/modern/wp-content/uploads/sites/2/2017/09/blog2-3-1160x749.jpg]
[blogosphere.cmsmasters.net/modern/puzzle-blog/index.html]
[blogosphere.cmsmasters.net/modern/side-blog/index.html]
[blogosphere.cmsmasters.net/modern/grid-blog/index.html]
[blogosphere.cmsmasters.net/modern/wp-content/uploads/sites/2/2017/09/blog2-4.jpg]
[blogosphere.cmsmasters.net/modern/category/advice/index.html]
[blogosphere.cmsmasters.net/modern/wp-content/uploads/sites/2/2017/09/blog2-4-860x1208.jpg]
[blogosphere.cmsmasters.net/modern/shop/index.html]
[blogosphere.cmsmasters.net/modern/typography-2/index.html]
[blogosphere.cmsmasters.net/modern/contacts/index.html]
[blogosphere.cmsmasters.net/modern/wp-content/uploads/sites/2/2017/09/blog2-5.jpg]
[blogosphere.cmsmasters.net/modern/category/travel/index.html]
[blogosphere.cmsmasters.net/modern/wp-content/uploads/sites/2/2017/09/blog2-5-860x1208.jpg]
[blogosphere.cmsmasters.net/modern/2017/09/28/which-new-york-boat-tour-or-cruise-is-best/index.html]
[blogosphere.cmsmasters.net/modern/author/cmsmasters/index.html]
[blogosphere.cmsmasters.net/wp-content/uploads/2017/09/h-1.jpg]
[blogosphere.cmsmasters.net/modern/category/lifestyle/index.html]
[blogosphere.cmsmasters.net/modern/2017/09/26/tips-to-manage-your-growing-collection-better/index.html]
[blogosphere.cmsmasters.net/modern/category/design/index.html]
[blogosphere.cmsmasters.net/wp-content/uploads/2017/11/h-5.png]
[blogosphere.cmsmasters.net/modern/category/blog/index.html]
[blogosphere.cmsmasters.net/modern/wp-content/uploads/sites/2/2015/11/h2-4.jpg]
[blogosphere.cmsmasters.net/modern/wp-content/uploads/sites/2/2017/09/blog2-1t-75x75.jpg]
[blogosphere.cmsmasters.net/modern/2017/09/06/the-role-of-faith-in-improving-the-quality-of-life/index.html]
[blogosphere.cmsmasters.net/modern/wp-content/uploads/sites/2/2017/09/blog2-2t-75x75.jpg]
[blogosphere.cmsmasters.net/modern/2017/09/08/i-swear-i-saw-this-drawings-in-notebooks/index.html]
[blogosphere.cmsmasters.net/modern/wp-content/uploads/sites/2/2017/09/blog2-3t-75x75.jpg]
[blogosphere.cmsmasters.net/modern/page/2/index.html]
[blogosphere.cmsmasters.net/modern/wp-content/uploads/sites/2/2017/09/project2-6t.jpg]
[blogosphere.cmsmasters.net/modern/wp-content/uploads/sites/2/2017/09/project2-5t.jpg]
[blogosphere.cmsmasters.net/modern/wp-content/uploads/sites/2/2017/09/project2-1t.jpg]
[blogosphere.cmsmasters.net/modern/wp-content/uploads/sites/2/2017/09/project2-3t.jpg]
[blogosphere.cmsmasters.net/modern/project/movie/index.html]
[blogosphere.cmsmasters.net/modern/project/education/index.html]
[blogosphere.cmsmasters.net/modern/wp-content/uploads/sites/2/2017/09/project2-8t.jpg]
[blogosphere.cmsmasters.net/modern/wp-content/uploads/sites/2/2017/09/project2-7t.jpg]
[blogosphere.cmsmasters.net/modern/project/fashion/index.html]
[blogosphere.cmsmasters.net/modern/project/decor/index.html]
[blogosphere.cmsmasters.net/modern/wp-content/plugins/instagram-feed/img/placeholder.png]
[blogosphere.cmsmasters.net/modern/project/interior/index.html]
[blogosphere.cmsmasters.net/modern/project/food/index.html]
[blogosphere.cmsmasters.net/modern/wp-content/plugins/mailpoet/assets/dist/css/mailpoet-public.a09bafc31eb7.css]
[blogosphere.cmsmasters.net/modern/wp-content/plugins/revslider/public/assets/css/rs63883.css]
[blogosphere.cmsmasters.net/modern/wp-content/plugins/cmsmasters-mega-menu/js/jquery.megaMenu077c.js]
[blogosphere.cmsmasters.net/modern/wp-content/plugins/contact-form-7/includes/swv/js/index42f0.js]
[blogosphere.cmsmasters.net/modern/wp-content/plugins/contact-form-7/includes/js/index42f0.js]
[blogosphere.cmsmasters.net/modern/wp-content/plugins/woocommerce/assets/js/jquery-blockui/jquery.blockUI.mindc32.js]
[blogosphere.cmsmasters.net/modern/wp-content/plugins/woocommerce/assets/js/frontend/add-to-cart.min823d.js]
[blogosphere.cmsmasters.net/modern/wp-content/plugins/woocommerce/assets/js/js-cookie/js.cookie.minc599.js]
[blogosphere.cmsmasters.net/modern/wp-content/plugins/woocommerce/assets/js/frontend/woocommerce.min823d.js]
[blogosphere.cmsmasters.net/modern/wp-content/plugins/woocommerce/assets/js/frontend/cart-fragments.min823d.js]
[blogosphere.cmsmasters.net/modern/wp-content/themes/blogosphere/js/cmsmasters-hover-slider.min8a54.js]
[blogosphere.cmsmasters.net/modern/wp-content/themes/blogosphere/js/easing.min8a54.js]
[blogosphere.cmsmasters.net/modern/wp-content/themes/blogosphere/js/easy-pie-chart.min8a54.js]
[blogosphere.cmsmasters.net/modern/wp-content/themes/blogosphere/js/mousewheel.min8a54.js]
[blogosphere.cmsmasters.net/modern/wp-content/themes/blogosphere/js/owlcarousel.min8a54.js]
[blogosphere.cmsmasters.net/modern/wp-includes/js/imagesloaded.mineda1.js]
[blogosphere.cmsmasters.net/modern/wp-content/themes/blogosphere/js/request-animation-frame.min8a54.js]
[blogosphere.cmsmasters.net/modern/wp-content/themes/blogosphere/js/scrollspy8a54.js]
[blogosphere.cmsmasters.net/modern/wp-content/themes/blogosphere/js/scroll-to.min8a54.js]
[blogosphere.cmsmasters.net/modern/wp-content/themes/blogosphere/js/stellar.min8a54.js]
[blogosphere.cmsmasters.net/modern/wp-content/themes/blogosphere/js/waypoints.min8a54.js]
[blogosphere.cmsmasters.net/modern/wp-content/themes/blogosphere/js/jquery.script8a54.js]
[blogosphere.cmsmasters.net/modern/wp-content/themes/blogosphere/theme-framework/theme-style/js/jquery.theme-script8a54.js]
[blogosphere.cmsmasters.net/modern/wp-content/themes/blogosphere/js/jquery.tweet.mine7f0.js]
[blogosphere.cmsmasters.net/modern/wp-content/themes/blogosphere/js/smooth-sticky.min20b9.js]
[blogosphere.cmsmasters.net/modern/wp-includes/js/comment-reply.min1eb7.js]
[blogosphere.cmsmasters.net/modern/wp-content/themes/blogosphere/woocommerce/cmsmasters-framework/theme-style/js/jquery.plugin-script8a54.js]
[blogosphere.cmsmasters.net/modern/wp-content/themes/blogosphere/js/jquery.isotope.min5d6b.js]
[blogosphere.cmsmasters.net/modern/wp-content/themes/blogosphere/theme-framework/theme-style/js/jquery.isotope.mode8a54.js]
[blogosphere.cmsmasters.net/modern/wp-content/plugins/mailpoet/assets/dist/js/public.30f9470ee18b.js]
[blogosphere.cmsmasters.net/modern/wp-content/plugins/instagram-feed/js/sbi-scripts.mind42d.js]
[blogosphere.cmsmasters.net/modern/index.html]
[blogosphere.cmsmasters.net/modern/xmlrpc.html]
[blogosphere.cmsmasters.net/modern/wp-content/plugins/instagram-feed/css/sbi-styles.mind42d.css]
[blogosphere.cmsmasters.net/modern/wp-content/plugins/LayerSlider/assets/static/layerslider/img/icon-muted-white.png]
[blogosphere.cmsmasters.net/modern/wp-content/plugins/LayerSlider/assets/static/layerslider/img/icon-unmuted-white.png]
[blogosphere.cmsmasters.net/modern/wp-content/plugins/LayerSlider/assets/static/layerslider/css/layerslider56ef.css]
[blogosphere.cmsmasters.net/modern/wp-includes/css/dist/block-library/style.min1eb7.css]
[blogosphere.cmsmasters.net/modern/wp-content/plugins/woocommerce/packages/woocommerce-blocks/build/wc-blocks-vendors-style2ff6.css]
[blogosphere.cmsmasters.net/modern/wp-content/plugins/woocommerce/packages/woocommerce-blocks/build/wc-blocks-style2ff6.css]
[blogosphere.cmsmasters.net/modern/wp-content/plugins/contact-form-7/includes/css/styles42f0.css]
[blogosphere.cmsmasters.net/modern/wp-content/plugins/cookie-law-info/legacy/public/css/cookie-law-info-public19ce.css]
[blogosphere.cmsmasters.net/modern/wp-content/plugins/cookie-law-info/legacy/public/css/cookie-law-info-gdpr19ce.css]
[blogosphere.cmsmasters.net/modern/wp-content/themes/blogosphere/style8a54.css]
[blogosphere.cmsmasters.net/modern/wp-content/themes/blogosphere/img/select.png]
[blogosphere.cmsmasters.net/modern/wp-content/themes/blogosphere/theme-framework/theme-style/css/style8a54.css]
[blogosphere.cmsmasters.net/modern/wp-content/themes/blogosphere/theme-framework/theme-style/css/adaptive8a54.css]
[blogosphere.cmsmasters.net/modern/wp-content/themes/blogosphere/theme-framework/theme-style/css/retina8a54.css]
[blogosphere.cmsmasters.net/modern/wp-content/themes/blogosphere/css/fonts/fontellob975.eot]
[blogosphere.cmsmasters.net/modern/wp-content/themes/blogosphere/css/fonts/fontellob975.woff]
[blogosphere.cmsmasters.net/modern/wp-content/themes/blogosphere/css/fonts/fontellob975.ttf]
[blogosphere.cmsmasters.net/modern/wp-content/themes/blogosphere/css/fontello8a54.css]
[blogosphere.cmsmasters.net/modern/wp-content/themes/blogosphere/theme-vars/theme-style/css/fonts/fontello-custombe63.eot]
[blogosphere.cmsmasters.net/modern/wp-content/themes/blogosphere/theme-vars/theme-style/css/fonts/fontello-custombe63.woff]
[blogosphere.cmsmasters.net/modern/wp-content/themes/blogosphere/theme-vars/theme-style/css/fonts/fontello-custombe63.ttf]
[blogosphere.cmsmasters.net/modern/wp-content/themes/blogosphere/theme-vars/theme-style/css/fontello-custom8a54.css]
[blogosphere.cmsmasters.net/modern/wp-content/themes/blogosphere/css/animate8a54.css]
[blogosphere.cmsmasters.net/modern/wp-content/themes/blogosphere/css/ilightbox3601.css]
[blogosphere.cmsmasters.net/modern/wp-content/themes/blogosphere/img/ilightbox/dark-skin/preloader.gif]
[blogosphere.cmsmasters.net/modern/wp-content/themes/blogosphere/img/ilightbox/dark-skin/caption-bg.png]
[blogosphere.cmsmasters.net/modern/wp-content/themes/blogosphere/img/ilightbox/dark-skin/alert.png]
[blogosphere.cmsmasters.net/modern/wp-content/themes/blogosphere/img/ilightbox/dark-skin/buttons.png]
[blogosphere.cmsmasters.net/modern/wp-content/themes/blogosphere/img/ilightbox/dark-skin/fullscreen-icon-64.png]
[blogosphere.cmsmasters.net/modern/wp-content/themes/blogosphere/img/ilightbox/dark-skin/fullscreen-icon-ie.png]
[blogosphere.cmsmasters.net/modern/wp-content/themes/blogosphere/img/ilightbox/dark-skin/x-mark-icon-64.png]
[blogosphere.cmsmasters.net/modern/wp-content/themes/blogosphere/img/ilightbox/dark-skin/x-mark-icon-ie.png]
[blogosphere.cmsmasters.net/modern/wp-content/themes/blogosphere/img/ilightbox/dark-skin/arrow-next-icon-64.png]
[blogosphere.cmsmasters.net/modern/wp-content/themes/blogosphere/img/ilightbox/dark-skin/arrow-next-icon-ie.png]
[blogosphere.cmsmasters.net/modern/wp-content/themes/blogosphere/img/ilightbox/dark-skin/arrow-prev-icon-64.png]
[blogosphere.cmsmasters.net/modern/wp-content/themes/blogosphere/img/ilightbox/dark-skin/arrow-prev-icon-ie.png]
[blogosphere.cmsmasters.net/modern/wp-content/themes/blogosphere/img/ilightbox/dark-skin/play-icon-64.png]
[blogosphere.cmsmasters.net/modern/wp-content/themes/blogosphere/img/ilightbox/dark-skin/play-icon-ie.png]
[blogosphere.cmsmasters.net/modern/wp-content/themes/blogosphere/img/ilightbox/dark-skin/pause-icon-64.png]
[blogosphere.cmsmasters.net/modern/wp-content/themes/blogosphere/img/ilightbox/dark-skin/pause-icon-ie.png]
[blogosphere.cmsmasters.net/modern/wp-content/themes/blogosphere/img/ilightbox/dark-skin/thumb-overlay-play.png]
[blogosphere.cmsmasters.net/modern/wp-content/themes/blogosphere/img/ilightbox/dark-skin/arrow-next-vertical-icon-64.png]
[blogosphere.cmsmasters.net/modern/wp-content/themes/blogosphere/img/ilightbox/dark-skin/arrow-prev-vertical-icon-64.png]
[blogosphere.cmsmasters.net/modern/wp-content/themes/blogosphere/css/ilightbox-skins/dark-skin3601.css]
[blogosphere.cmsmasters.net/modern/wp-content/uploads/sites/2/cmsmasters_styles/blogosphere8a54.css]
[blogosphere.cmsmasters.net/modern/wp-content/themes/blogosphere/gutenberg/cmsmasters-framework/theme-style/css/frontend-style8a54.css]
[blogosphere.cmsmasters.net/modern/wp-content/themes/blogosphere/woocommerce/cmsmasters-framework/theme-style/css/plugin-style8a54.css]
[blogosphere.cmsmasters.net/modern/wp-content/themes/blogosphere/woocommerce/cmsmasters-framework/theme-style/css/plugin-adaptive8a54.css]
[blogosphere.cmsmasters.net/modern/xmlrpc0db0.html]
[blogosphere.cmsmasters.net/modern/wp-json/wp/v2/pages/8946.json]
[blogosphere.cmsmasters.net/modern/wp-json/oembed/1.0/embed2862.json]
[blogosphere.cmsmasters.net/modern/wp-json/oembed/1.0/embed24af]
[blogosphere.cmsmasters.net/modern/wp-content/uploads/sites/2/2015/12/am2-1.jpg]
[blogosphere.cmsmasters.net/modern/wp-content/uploads/sites/2/2017/11/h-5.png]
[blogosphere.cmsmasters.net/modern/about-me/index.html]
[blogosphere.cmsmasters.net/modern/wp-json/wp/v2/posts/13392.json]
[blogosphere.cmsmasters.net/modern/2017/09/01/tactics-for-avoiding-the-comparison-trap/feed/index.html]
[blogosphere.cmsmasters.net/modern/wp-json/oembed/1.0/embedb8b5.json]
[blogosphere.cmsmasters.net/modern/wp-json/oembed/1.0/embeda157]
[blogosphere.cmsmasters.net/modern/wp-content/uploads/sites/2/2017/09/blog2-1t.jpg]
[blogosphere.cmsmasters.net/modern/wp-content/uploads/sites/2/2017/09/blog2-2t.jpg]
[blogosphere.cmsmasters.net/modern/category/individuality/index.html]
[blogosphere.cmsmasters.net/modern/wp-content/uploads/sites/2/2017/09/blog2-3t.jpg]
[blogosphere.cmsmasters.net/modern/2017/09/01/tactics-for-avoiding-the-comparison-trap/index.html]
[blogosphere.cmsmasters.net/modern/2017/09/24/small-home-design-ideas-pictures-and-decor/feed/index.html]
[blogosphere.cmsmasters.net/modern/wp-json/wp/v2/posts/13095.json]
[blogosphere.cmsmasters.net/modern/wp-json/oembed/1.0/embed5b1b.json]
[blogosphere.cmsmasters.net/modern/wp-json/oembed/1.0/embed21f2]
[blogosphere.cmsmasters.net/modern/wp-content/uploads/sites/2/2017/09/blog2-3-860x555.jpg]
[blogosphere.cmsmasters.net/modern/wp-content/uploads/sites/2/2017/09/blog2-12t-150x150.jpg]
[blogosphere.cmsmasters.net/modern/wp-content/uploads/sites/2/2017/09/blog2-2t-150x150.jpg]
[blogosphere.cmsmasters.net/modern/2017/09/24/activities-entertainment-for-kids-adults/index.html]
[blogosphere.cmsmasters.net/modern/wp-content/uploads/sites/2/2017/09/blog2-12t.jpg]
[blogosphere.cmsmasters.net/modern/2017/09/24/small-home-design-ideas-pictures-and-decor/index.html]
[blogosphere.cmsmasters.net/modern/wp-json/wp/v2/posts/13097.json]
[blogosphere.cmsmasters.net/modern/2017/09/15/take-care-of-your-house-this-spring-with-flowers/feed/index.html]
[blogosphere.cmsmasters.net/modern/wp-json/oembed/1.0/embed2c79.json]
[blogosphere.cmsmasters.net/modern/wp-json/oembed/1.0/embeda81f]
[blogosphere.cmsmasters.net/modern/wp-content/uploads/sites/2/2017/09/blog2-8-860x547.jpg]
[blogosphere.cmsmasters.net/modern/wp-content/uploads/sites/2/2017/09/blog2-9-860x547.jpg]
[blogosphere.cmsmasters.net/modern/wp-content/uploads/sites/2/2017/09/blog2-7t-150x150.jpg]
[blogosphere.cmsmasters.net/modern/wp-content/uploads/sites/2/2017/09/blog2-9t-150x150.jpg]
[blogosphere.cmsmasters.net/modern/2017/09/15/take-care-of-your-house-this-spring-with-flowers/index.html]
[blogosphere.cmsmasters.net/modern/2017/09/18/what-is-the-meaning-of-white-tulips/index.html]
[blogosphere.cmsmasters.net/modern/wp-json/wp/v2/posts/13397.json]
[blogosphere.cmsmasters.net/modern/2017/09/03/how-to-be-more-creative/feed/index.html]
[blogosphere.cmsmasters.net/modern/2017/09/13/pastime-top-50-my-favorite-movies-of-all-time/index.html]
[blogosphere.cmsmasters.net/modern/wp-json/oembed/1.0/embed5b65.json]
[blogosphere.cmsmasters.net/modern/wp-json/oembed/1.0/embed71e1]
[blogosphere.cmsmasters.net/modern/wp-content/uploads/sites/2/2017/09/blog2-7t.jpg]
[blogosphere.cmsmasters.net/modern/2017/09/03/how-to-be-more-creative/index.html]
[blogosphere.cmsmasters.net/modern/wp-json/wp/v2/posts/13402.json]
[blogosphere.cmsmasters.net/modern/2017/09/04/husky-rescue-new-light-of-tomorrow/feed/index.html]
[blogosphere.cmsmasters.net/modern/wp-json/oembed/1.0/embed5645.json]
[blogosphere.cmsmasters.net/modern/wp-json/oembed/1.0/embedea8e]
[blogosphere.cmsmasters.net/modern/wp-content/uploads/sites/2/2017/09/blog2-4t-150x150.jpg]
[blogosphere.cmsmasters.net/modern/wp-includes/js/mediaelement/mediaelementplayer-legacy.min08e1.css]
[blogosphere.cmsmasters.net/modern/wp-includes/js/mediaelement/wp-mediaelement.min1eb7.css]
[blogosphere.cmsmasters.net/modern/wp-includes/js/mediaelement/mediaelement-and-player.min08e1.js]
[blogosphere.cmsmasters.net/modern/wp-includes/js/mediaelement/mediaelement-migrate.min1eb7.js]
[blogosphere.cmsmasters.net/modern/wp-includes/js/mediaelement/wp-mediaelement.min1eb7.js]
[blogosphere.cmsmasters.net/modern/2017/09/04/husky-rescue-new-light-of-tomorrow/index.html]
[blogosphere.cmsmasters.net/modern/standard-blog/feed/index.html]
[blogosphere.cmsmasters.net/modern/wp-json/wp/v2/pages/882.json]
[blogosphere.cmsmasters.net/modern/wp-json/oembed/1.0/embedec24.json]
[blogosphere.cmsmasters.net/modern/wp-json/oembed/1.0/embed1b0f]
[blogosphere.cmsmasters.net/modern/wp-content/uploads/sites/2/2017/09/blog2-12.jpg]
[blogosphere.cmsmasters.net/modern/wp-content/uploads/sites/2/2017/09/blog2-12-1160x738.jpg]
[blogosphere.cmsmasters.net/modern/wp-content/uploads/sites/2/2017/09/blog2-11.jpg]
[blogosphere.cmsmasters.net/modern/wp-content/uploads/sites/2/2017/09/blog2-11-1160x738.jpg]
[blogosphere.cmsmasters.net/modern/wp-content/uploads/sites/2/2017/09/blog2-10.jpg]
[blogosphere.cmsmasters.net/modern/2017/09/22/4-tips-to-be-a-more-productive-student/index.html]
[blogosphere.cmsmasters.net/modern/wp-content/uploads/sites/2/2017/09/blog2-10-1160x738.jpg]
[blogosphere.cmsmasters.net/modern/wp-content/uploads/sites/2/2017/09/blog2-9.jpg]
[blogosphere.cmsmasters.net/modern/2017/09/20/10-most-bizarre-places-and-hotels-you-can-stay-at/index.html]
[blogosphere.cmsmasters.net/modern/wp-content/uploads/sites/2/2017/09/blog2-9-1160x738.jpg]
[blogosphere.cmsmasters.net/modern/standard-blog/index.html]
[blogosphere.cmsmasters.net/modern/wp-json/wp/v2/pages/887.json]
[blogosphere.cmsmasters.net/modern/masonry-blog/feed/index.html]
[blogosphere.cmsmasters.net/modern/wp-json/oembed/1.0/embedc79c.json]
[blogosphere.cmsmasters.net/modern/wp-json/oembed/1.0/embed7f45]
[blogosphere.cmsmasters.net/modern/wp-content/uploads/sites/2/2017/09/blog2-10-860x547.jpg]
[blogosphere.cmsmasters.net/modern/wp-content/uploads/sites/2/2017/09/blog2-7.jpg]
[blogosphere.cmsmasters.net/modern/wp-content/uploads/sites/2/2017/09/blog2-7-860x466.jpg]
[blogosphere.cmsmasters.net/modern/wp-content/uploads/sites/2/2017/09/blog2-8-580x469.jpg]
[blogosphere.cmsmasters.net/modern/category/pastime/index.html]
[blogosphere.cmsmasters.net/modern/wp-content/uploads/sites/2/2017/09/blog2-9-580x469.jpg]
[blogosphere.cmsmasters.net/modern/wp-content/uploads/sites/2/2017/09/blog2-2-860x564.jpg]
[blogosphere.cmsmasters.net/modern/wp-content/uploads/sites/2/2017/09/blog2-1-860x547.jpg]
[blogosphere.cmsmasters.net/modern/masonry-blog/index.html]
[blogosphere.cmsmasters.net/modern/wp-json/wp/v2/pages/889.json]
[blogosphere.cmsmasters.net/modern/timeline-blog/feed/index.html]
[blogosphere.cmsmasters.net/modern/wp-json/oembed/1.0/embedcf66.json]
[blogosphere.cmsmasters.net/modern/wp-json/oembed/1.0/embed2cde]
[blogosphere.cmsmasters.net/modern/wp-content/uploads/sites/2/2017/09/blog2-6.jpg]
[blogosphere.cmsmasters.net/modern/wp-content/uploads/sites/2/2017/09/blog2-6-860x1208.jpg]
[blogosphere.cmsmasters.net/modern/wp-content/uploads/sites/2/2017/09/blog2-8-860x635.jpg]
[blogosphere.cmsmasters.net/modern/wp-content/uploads/sites/2/2017/09/blog2-9-860x635.jpg]
[blogosphere.cmsmasters.net/modern/wp-content/uploads/sites/2/2017/09/blog2-11-860x547.jpg]
[blogosphere.cmsmasters.net/modern/timeline-blog/index.html]
[blogosphere.cmsmasters.net/modern/2017/09/10/drinking-through-energy-cocktails-to-get-you-up/index.html]
[blogosphere.cmsmasters.net/modern/wp-json/wp/v2/pages/13382.json]
[blogosphere.cmsmasters.net/modern/wp-json/oembed/1.0/embede8f6.json]
[blogosphere.cmsmasters.net/modern/wp-json/oembed/1.0/embed85d2]
[blogosphere.cmsmasters.net/modern/wp-content/uploads/sites/2/2017/09/blog2-1t-580x580.jpg]
[blogosphere.cmsmasters.net/modern/wp-content/uploads/sites/2/2017/09/blog2-2t-580x580.jpg]
[blogosphere.cmsmasters.net/modern/wp-content/uploads/sites/2/2017/09/blog2-3t-580x580.jpg]
[blogosphere.cmsmasters.net/modern/wp-content/uploads/sites/2/2017/09/blog2-12t-580x580.jpg]
[blogosphere.cmsmasters.net/modern/wp-content/uploads/sites/2/2017/09/blog2-11t-580x580.jpg]
[blogosphere.cmsmasters.net/modern/wp-content/uploads/sites/2/2017/09/blog2-10t-580x580.jpg]
[blogosphere.cmsmasters.net/modern/puzzle-blog/index.html]
[blogosphere.cmsmasters.net/modern/wp-json/wp/v2/pages/13878.json]
[blogosphere.cmsmasters.net/modern/wp-json/oembed/1.0/embeda056.json]
[blogosphere.cmsmasters.net/modern/wp-json/oembed/1.0/embed3f87]
[blogosphere.cmsmasters.net/modern/wp-content/uploads/sites/2/2017/09/blog2-12-860x547.jpg]
[blogosphere.cmsmasters.net/modern/side-blog/index.html]
[blogosphere.cmsmasters.net/modern/wp-json/wp/v2/pages/74.json]
[blogosphere.cmsmasters.net/modern/grid-blog/feed/index.html]
[blogosphere.cmsmasters.net/modern/wp-json/oembed/1.0/embede06d.json]
[blogosphere.cmsmasters.net/modern/wp-json/oembed/1.0/embed8e75]
[blogosphere.cmsmasters.net/modern/grid-blog/index.html]
[blogosphere.cmsmasters.net/modern/wp-json/wp/v2/categories/15.json]
[blogosphere.cmsmasters.net/modern/grid-blog/page/2/index.html]
[blogosphere.cmsmasters.net/modern/category/advice/feed/index.html]
[blogosphere.cmsmasters.net/modern/wp-content/uploads/sites/2/2017/09/blog2-12t-350x350.jpg]
[blogosphere.cmsmasters.net/modern/wp-content/uploads/sites/2/2017/09/blog2-11t-350x350.jpg]
[blogosphere.cmsmasters.net/modern/wp-content/uploads/sites/2/2017/09/blog2-9t-350x350.jpg]
[blogosphere.cmsmasters.net/modern/category/advice/index.html]
[blogosphere.cmsmasters.net/modern/wp-content/uploads/sites/2/2015/05/shop-4.jpg]
[blogosphere.cmsmasters.net/modern/wp-content/uploads/sites/2/2015/05/shop-2.jpg]
[blogosphere.cmsmasters.net/modern/wp-content/uploads/sites/2/2015/05/shop-3.jpg]
[blogosphere.cmsmasters.net/modern/shop/feed/index.html]
[blogosphere.cmsmasters.net/modern/wp-content/uploads/sites/2/2015/05/shop-1.jpg]
[blogosphere.cmsmasters.net/modern/product-category/technique/index.html]
[blogosphere.cmsmasters.net/modern/product-category/shop/index.html]
[blogosphere.cmsmasters.net/modern/wp-content/uploads/sites/2/2015/05/shop-5.jpg]
[blogosphere.cmsmasters.net/modern/wp-content/uploads/sites/2/2015/05/shop-6.jpg]
[blogosphere.cmsmasters.net/modern/shop/index.html]
[blogosphere.cmsmasters.net/modern/product/camera/index.html]
[blogosphere.cmsmasters.net/modern/shop/indexc6bb.html]
[blogosphere.cmsmasters.net/modern/product-category/flowers/index.html]
[blogosphere.cmsmasters.net/modern/cart/index.html]
[blogosphere.cmsmasters.net/modern/product-category/interior/index.html]
[blogosphere.cmsmasters.net/modern/shop/indexc727.html]
[blogosphere.cmsmasters.net/modern/product/indoor-flower/index.html]
[blogosphere.cmsmasters.net/modern/wp-json/wp/v2/pages/11986.json]
[blogosphere.cmsmasters.net/modern/product-category/accessories/index.html]
[blogosphere.cmsmasters.net/modern/product/modern-glasses/index.html]
[blogosphere.cmsmasters.net/modern/shop/indexf147.html]
[blogosphere.cmsmasters.net/modern/wp-json/oembed/1.0/embedfc89.json]
[blogosphere.cmsmasters.net/modern/product/spherical-vase/index.html]
[blogosphere.cmsmasters.net/modern/shop/index2b5c.html]
[blogosphere.cmsmasters.net/modern/product/style-set/index.html]
[blogosphere.cmsmasters.net/modern/shop/index804b.html]
[blogosphere.cmsmasters.net/modern/wp-json/oembed/1.0/embed7995]
[blogosphere.cmsmasters.net/modern/wp-content/uploads/sites/2/2016/11/blog-2.jpg]
[blogosphere.cmsmasters.net/modern/typography-2/index.html]
[blogosphere.cmsmasters.net/modern/product/watch/index.html]
[blogosphere.cmsmasters.net/modern/wp-json/wp/v2/pages/11850.json]
[blogosphere.cmsmasters.net/modern/wp-json/oembed/1.0/embed58b2.json]
[blogosphere.cmsmasters.net/modern/wp-json/oembed/1.0/embed078c]
[blogosphere.cmsmasters.net/modern/contacts/index.html]
[blogosphere.cmsmasters.net/modern/wp-json/wp/v2/categories/23.json]
[blogosphere.cmsmasters.net/modern/category/travel/feed/index.html]
[blogosphere.cmsmasters.net/modern/wp-content/uploads/sites/2/2017/09/blog2-1t-350x350.jpg]
[blogosphere.cmsmasters.net/modern/wp-content/uploads/sites/2/2017/09/blog2-10t-350x350.jpg]
[blogosphere.cmsmasters.net/modern/category/travel/index.html]
[blogosphere.cmsmasters.net/modern/wp-json/wp/v2/posts/285.json]
[blogosphere.cmsmasters.net/modern/2017/09/28/which-new-york-boat-tour-or-cruise-is-best/feed/index.html]
[blogosphere.cmsmasters.net/modern/wp-json/oembed/1.0/embed389c.json]
[blogosphere.cmsmasters.net/modern/wp-json/oembed/1.0/embed1ea4]
[blogosphere.cmsmasters.net/modern/2017/09/28/which-new-york-boat-tour-or-cruise-is-best/index.html]
[blogosphere.cmsmasters.net/modern/wp-json/wp/v2/users/2.json]
[blogosphere.cmsmasters.net/modern/author/cmsmasters/feed/index.html]
[blogosphere.cmsmasters.net/modern/wp-content/uploads/sites/2/2017/09/blog2-2t-350x350.jpg]
[blogosphere.cmsmasters.net/modern/wp-content/uploads/sites/2/2017/09/project2-5t-350x350.jpg]
[blogosphere.cmsmasters.net/modern/wp-content/uploads/sites/2/2017/09/blog2-3t-350x350.jpg]
[blogosphere.cmsmasters.net/modern/wp-content/uploads/sites/2/2017/09/project2-1t-350x350.jpg]
[blogosphere.cmsmasters.net/modern/wp-content/uploads/sites/2/2017/09/project2-6t-350x350.jpg]
[blogosphere.cmsmasters.net/modern/author/cmsmasters/index.html]
[blogosphere.cmsmasters.net/modern/pj-categs/projects/index.html]
[blogosphere.cmsmasters.net/modern/wp-json/wp/v2/categories/21.json]
[blogosphere.cmsmasters.net/modern/author/cmsmasters/page/3/index.html]
[blogosphere.cmsmasters.net/modern/author/cmsmasters/page/2/index.html]
[blogosphere.cmsmasters.net/modern/wp-content/uploads/sites/2/2017/09/blog2-8t-350x350.jpg]
[blogosphere.cmsmasters.net/modern/category/lifestyle/index.html]
[blogosphere.cmsmasters.net/modern/category/lifestyle/feed/index.html]
[blogosphere.cmsmasters.net/modern/wp-json/wp/v2/posts/103.json]
[blogosphere.cmsmasters.net/modern/2017/09/26/tips-to-manage-your-growing-collection-better/feed/index.html]
[blogosphere.cmsmasters.net/modern/wp-json/oembed/1.0/embed2ffd.json]
[blogosphere.cmsmasters.net/modern/wp-json/oembed/1.0/embed73ac]
[blogosphere.cmsmasters.net/modern/wp-content/uploads/sites/2/2017/09/blog2-3t-150x150.jpg]
[blogosphere.cmsmasters.net/modern/wp-content/uploads/sites/2/2017/09/blog2-1t-150x150.jpg]
[blogosphere.cmsmasters.net/modern/2017/09/26/tips-to-manage-your-growing-collection-better/index.html]
[blogosphere.cmsmasters.net/modern/wp-json/wp/v2/categories/44.json]
[blogosphere.cmsmasters.net/modern/category/design/index.html]
[blogosphere.cmsmasters.net/modern/category/design/feed/index.html]
[blogosphere.cmsmasters.net/modern/wp-json/wp/v2/categories/16.json]
[blogosphere.cmsmasters.net/modern/category/blog/feed/index.html]
[blogosphere.cmsmasters.net/modern/wp-content/uploads/sites/2/2017/09/blog2-6t-350x350.jpg]
[blogosphere.cmsmasters.net/modern/wp-content/uploads/sites/2/2017/09/blog2-5t-350x350.jpg]
[blogosphere.cmsmasters.net/modern/wp-content/uploads/sites/2/2017/09/blog2-4t-350x350.jpg]
[blogosphere.cmsmasters.net/modern/category/blog/index.html]
[blogosphere.cmsmasters.net/modern/wp-json/wp/v2/posts/1965.json]
[blogosphere.cmsmasters.net/modern/2017/09/06/the-role-of-faith-in-improving-the-quality-of-life/feed/index.html]
[blogosphere.cmsmasters.net/modern/wp-json/oembed/1.0/embed4ab5.json]
[blogosphere.cmsmasters.net/modern/wp-json/oembed/1.0/embed8f6c]
[blogosphere.cmsmasters.net/modern/wp-content/uploads/sites/2/2017/09/blog2-5t-150x150.jpg]
[blogosphere.cmsmasters.net/modern/2017/09/06/the-role-of-faith-in-improving-the-quality-of-life/index.html]
[blogosphere.cmsmasters.net/modern/wp-json/wp/v2/posts/106.json]
[blogosphere.cmsmasters.net/modern/2017/09/06/the-role-of-faith-in-improving-the-quality-of-life/index41b7.html]
[blogosphere.cmsmasters.net/modern/2017/09/08/i-swear-i-saw-this-drawings-in-notebooks/feed/index.html]
[blogosphere.cmsmasters.net/modern/wp-json/oembed/1.0/embed0137.json]
[blogosphere.cmsmasters.net/modern/wp-json/oembed/1.0/embedf7a5]
[blogosphere.cmsmasters.net/modern/wp-content/uploads/sites/2/2017/09/blog2-6t-150x150.jpg]
[blogosphere.cmsmasters.net/modern/2017/09/08/i-swear-i-saw-this-drawings-in-notebooks/index.html]
[blogosphere.cmsmasters.net/modern/page/2/index.html]
[blogosphere.cmsmasters.net/modern/wp-json/wp/v2/project/613.json]
[blogosphere.cmsmasters.net/modern/project/movie/feed/index.html]
[blogosphere.cmsmasters.net/modern/wp-json/oembed/1.0/embed0835.json]
[blogosphere.cmsmasters.net/modern/wp-json/oembed/1.0/embed5f45]
[blogosphere.cmsmasters.net/modern/wp-content/uploads/sites/2/2017/09/project2-6.jpg]
[blogosphere.cmsmasters.net/modern/wp-content/uploads/sites/2/2017/09/project2-6-1160x648.jpg]
[blogosphere.cmsmasters.net/modern/wp-content/uploads/sites/2/2017/09/project2-4t-150x150.jpg]
[blogosphere.cmsmasters.net/modern/wp-content/uploads/sites/2/2017/09/project2-1t-150x150.jpg]
[blogosphere.cmsmasters.net/modern/wp-content/uploads/sites/2/2017/09/project2-4t.jpg]
[blogosphere.cmsmasters.net/modern/project/movie/index.html]
[blogosphere.cmsmasters.net/modern/project/photography/index.html]
[blogosphere.cmsmasters.net/modern/project/education/feed/index.html]
[blogosphere.cmsmasters.net/modern/wp-json/wp/v2/project/617.json]
[blogosphere.cmsmasters.net/modern/wp-json/oembed/1.0/embed2fc5.json]
[blogosphere.cmsmasters.net/modern/wp-json/oembed/1.0/embedcec5]
[blogosphere.cmsmasters.net/modern/wp-content/uploads/sites/2/2017/09/project2-5.jpg]
[blogosphere.cmsmasters.net/modern/wp-content/uploads/sites/2/2017/09/project2-5-1160x648.jpg]
[blogosphere.cmsmasters.net/modern/project/education/index.html]
[blogosphere.cmsmasters.net/modern/wp-json/wp/v2/project/913.json]
[blogosphere.cmsmasters.net/modern/project/fashion/feed/index.html]
[blogosphere.cmsmasters.net/modern/wp-json/oembed/1.0/embed9bce.json]
[blogosphere.cmsmasters.net/modern/wp-json/oembed/1.0/embedb791]
[blogosphere.cmsmasters.net/modern/wp-content/uploads/sites/2/2017/09/project2-1.jpg]
[blogosphere.cmsmasters.net/modern/wp-content/uploads/sites/2/2017/09/project2-1-1160x648.jpg]
[blogosphere.cmsmasters.net/modern/wp-content/uploads/sites/2/2017/09/project2-6t-150x150.jpg]
[blogosphere.cmsmasters.net/modern/wp-content/uploads/sites/2/2017/09/project2-5t-150x150.jpg]
[blogosphere.cmsmasters.net/modern/project/fashion/index.html]
[blogosphere.cmsmasters.net/modern/wp-json/wp/v2/project/611.json]
[blogosphere.cmsmasters.net/modern/project/decor/feed/index.html]
[blogosphere.cmsmasters.net/modern/wp-json/oembed/1.0/embed9945.json]
[blogosphere.cmsmasters.net/modern/wp-json/oembed/1.0/embed9b6c]
[blogosphere.cmsmasters.net/modern/wp-content/uploads/sites/2/2017/09/project2-4.jpg]
[blogosphere.cmsmasters.net/modern/wp-content/uploads/sites/2/2017/09/project2-4-1160x648.jpg]
[blogosphere.cmsmasters.net/modern/wp-content/uploads/sites/2/2017/09/project2-2t-150x150.jpg]
[blogosphere.cmsmasters.net/modern/project/decor/index.html]
[blogosphere.cmsmasters.net/modern/project/interior/feed/index.html]
[blogosphere.cmsmasters.net/modern/project/travel/index.html]
[blogosphere.cmsmasters.net/modern/wp-json/wp/v2/project/1155.json]
[blogosphere.cmsmasters.net/modern/wp-json/oembed/1.0/embed4a81.json]
[blogosphere.cmsmasters.net/modern/wp-json/oembed/1.0/embed5bdb]
[blogosphere.cmsmasters.net/modern/wp-content/uploads/sites/2/2017/09/project2-8.jpg]
[blogosphere.cmsmasters.net/modern/wp-content/uploads/sites/2/2017/09/project2-8-1160x648.jpg]
[blogosphere.cmsmasters.net/modern/wp-content/uploads/sites/2/2017/09/project2-7t-150x150.jpg]
[blogosphere.cmsmasters.net/modern/project/interior/index.html]
[blogosphere.cmsmasters.net/modern/project/food/feed/index.html]
[blogosphere.cmsmasters.net/modern/wp-json/wp/v2/project/9410.json]
[blogosphere.cmsmasters.net/modern/wp-json/oembed/1.0/embed3a51.json]
[blogosphere.cmsmasters.net/modern/wp-json/oembed/1.0/embed2547]
[blogosphere.cmsmasters.net/modern/wp-content/uploads/sites/2/2017/09/project2-7.jpg]
[blogosphere.cmsmasters.net/modern/wp-content/uploads/sites/2/2017/09/project2-7-1160x648.jpg]
[blogosphere.cmsmasters.net/modern/wp-content/uploads/sites/2/2017/09/project2-8t-150x150.jpg]
[blogosphere.cmsmasters.net/modern/project/food/index.html]
[blogosphere.cmsmasters.net/modern/wp-admin/admin-ajax.html]
[blogosphere.cmsmasters.net/modern/wp-content/plugins/mailpoet/assets/dist/css/mailpoet-public.a09bafc31eb7.css]
[blogosphere.cmsmasters.net/modern/wp-content/plugins/revslider/public/assets/fonts/revicons/revicons90c6.eot]
[blogosphere.cmsmasters.net/modern/wp-content/plugins/revslider/public/assets/fonts/revicons/revicons90c6.woff]
[blogosphere.cmsmasters.net/modern/wp-content/plugins/revslider/public/assets/fonts/revicons/revicons90c6.ttf]
[blogosphere.cmsmasters.net/modern/wp-content/plugins/revslider/public/assets/assets/gridtile.png]
[blogosphere.cmsmasters.net/modern/wp-content/plugins/revslider/public/assets/assets/gridtile_white.png]
[blogosphere.cmsmasters.net/modern/wp-content/plugins/revslider/public/assets/assets/gridtile_3x3.png]
[blogosphere.cmsmasters.net/modern/wp-content/plugins/revslider/public/assets/assets/gridtile_3x3_white.png]
[blogosphere.cmsmasters.net/modern/wp-content/plugins/revslider/public/assets/assets/coloredbg.png]
[blogosphere.cmsmasters.net/modern/wp-content/plugins/revslider/public/assets/assets/loader.gif]
[blogosphere.cmsmasters.net/modern/wp-content/plugins/revslider/public/assets/css/rs63883.css]
[blogosphere.cmsmasters.net/modern/wp-content/themes/blogosphere/css/fonts/fontellob975.svg]
[blogosphere.cmsmasters.net/modern/wp-content/themes/blogosphere/theme-vars/theme-style/css/fonts/fontello-custombe63.svg]
[blogosphere.cmsmasters.net/modern/wp-content/themes/blogosphere/img/ilightbox/closedhand.html]
[blogosphere.cmsmasters.net/modern/index5b3a.html]
[blogosphere.cmsmasters.net/modern/index33bb.html]
[blogosphere.cmsmasters.net/modern/wp-json/wp/v2/categories/20.json]
[blogosphere.cmsmasters.net/modern/category/individuality/index.html]
[blogosphere.cmsmasters.net/modern/indexbf00.html]
[blogosphere.cmsmasters.net/modern/category/individuality/feed/index.html]
[blogosphere.cmsmasters.net/modern/2017/09/24/activities-entertainment-for-kids-adults/feed/index.html]
[blogosphere.cmsmasters.net/modern/wp-json/wp/v2/posts/2938.json]
[blogosphere.cmsmasters.net/modern/wp-json/oembed/1.0/embed92af.json]
[blogosphere.cmsmasters.net/modern/wp-json/oembed/1.0/embedd875]
[blogosphere.cmsmasters.net/modern/wp-content/uploads/sites/2/2017/09/blog2-11t-150x150.jpg]
[blogosphere.cmsmasters.net/modern/2017/09/24/activities-entertainment-for-kids-adults/index.html]
[blogosphere.cmsmasters.net/modern/index90e3.html]
[blogosphere.cmsmasters.net/modern/wp-json/wp/v2/posts/13099.json]
[blogosphere.cmsmasters.net/modern/2017/09/24/activities-entertainment-for-kids-adults/index94a5.html]
[blogosphere.cmsmasters.net/modern/2017/09/13/pastime-top-50-my-favorite-movies-of-all-time/feed/index.html]
[blogosphere.cmsmasters.net/modern/wp-json/oembed/1.0/embedc0ad.json]
[blogosphere.cmsmasters.net/modern/wp-json/oembed/1.0/embeda99c]
[blogosphere.cmsmasters.net/modern/wp-content/uploads/sites/2/2017/09/blog2-8t-150x150.jpg]
[blogosphere.cmsmasters.net/modern/2017/09/13/pastime-top-50-my-favorite-movies-of-all-time/index.html]
[blogosphere.cmsmasters.net/modern/wp-json/wp/v2/posts/13101.json]
[blogosphere.cmsmasters.net/modern/2017/09/18/what-is-the-meaning-of-white-tulips/feed/index.html]
[blogosphere.cmsmasters.net/modern/wp-json/oembed/1.0/embedde39.json]
[blogosphere.cmsmasters.net/modern/wp-json/oembed/1.0/embed6d8a]
[blogosphere.cmsmasters.net/modern/wp-content/uploads/sites/2/2017/09/blog2-10t-150x150.jpg]
[blogosphere.cmsmasters.net/modern/2017/09/18/what-is-the-meaning-of-white-tulips/index.html]
[blogosphere.cmsmasters.net/modern/index8d71.html]
[blogosphere.cmsmasters.net/modern/indexa571.html]
[blogosphere.cmsmasters.net/modern/wp-includes/js/mediaelement/mediaelementplayer-legacy.min08e1.css]
[blogosphere.cmsmasters.net/modern/wp-includes/js/mediaelement/wp-mediaelement.min1eb7.css]
[blogosphere.cmsmasters.net/modern/index8381.html]
[blogosphere.cmsmasters.net/modern/wp-json/wp/v2/posts/10736.json]
[blogosphere.cmsmasters.net/modern/2017/09/22/4-tips-to-be-a-more-productive-student/feed/index.html]
[blogosphere.cmsmasters.net/modern/wp-json/oembed/1.0/embed0d57.json]
[blogosphere.cmsmasters.net/modern/wp-json/oembed/1.0/embedc1dd]
[blogosphere.cmsmasters.net/modern/2017/09/22/4-tips-to-be-a-more-productive-student/index.html]
[blogosphere.cmsmasters.net/modern/2017/09/20/10-most-bizarre-places-and-hotels-you-can-stay-at/feed/index.html]
[blogosphere.cmsmasters.net/modern/wp-json/wp/v2/posts/87.json]
[blogosphere.cmsmasters.net/modern/wp-json/oembed/1.0/embeddda3.json]
[blogosphere.cmsmasters.net/modern/wp-json/oembed/1.0/embedba76]
[blogosphere.cmsmasters.net/modern/2017/09/20/10-most-bizarre-places-and-hotels-you-can-stay-at/index.html]
[blogosphere.cmsmasters.net/modern/index8eb0.html]
[blogosphere.cmsmasters.net/modern/category/pastime/feed/index.html]
[blogosphere.cmsmasters.net/modern/wp-json/wp/v2/categories/22.json]
[blogosphere.cmsmasters.net/modern/wp-content/uploads/sites/2/2017/09/blog2-7t-350x350.jpg]
[blogosphere.cmsmasters.net/modern/category/pastime/index.html]
[blogosphere.cmsmasters.net/modern/indexf45d.html]
[blogosphere.cmsmasters.net/modern/2017/09/10/drinking-through-energy-cocktails-to-get-you-up/feed/index.html]
[blogosphere.cmsmasters.net/modern/wp-json/wp/v2/posts/8036.json]
[blogosphere.cmsmasters.net/modern/wp-json/oembed/1.0/embed0b6f.json]
[blogosphere.cmsmasters.net/modern/wp-json/oembed/1.0/embed8f8a]
[blogosphere.cmsmasters.net/modern/2017/09/10/drinking-through-energy-cocktails-to-get-you-up/index.html]
[blogosphere.cmsmasters.net/modern/index41bd.html]
[blogosphere.cmsmasters.net/modern/indexe4d4.html]
[blogosphere.cmsmasters.net/modern/index49a5.html]
[blogosphere.cmsmasters.net/modern/grid-blog/page/2/index.html]
[blogosphere.cmsmasters.net/modern/wp-json/wp/v2/product_cat/35.json]
[blogosphere.cmsmasters.net/modern/product-category/shop/index.html]
[blogosphere.cmsmasters.net/modern/product-category/shop/feed/index.html]
[blogosphere.cmsmasters.net/modern/product-category/shop/indexc6bb.html]
[blogosphere.cmsmasters.net/modern/product-category/shop/indexc727.html]
[blogosphere.cmsmasters.net/modern/wp-json/wp/v2/product_cat/36.json]
[blogosphere.cmsmasters.net/modern/product-category/shop/indexf147.html]
[blogosphere.cmsmasters.net/modern/product-category/technique/index.html]
[blogosphere.cmsmasters.net/modern/product-category/shop/index2b5c.html]
[blogosphere.cmsmasters.net/modern/product-category/shop/index804b.html]
[blogosphere.cmsmasters.net/modern/product-category/technique/feed/index.html]
[blogosphere.cmsmasters.net/modern/wp-json/wp/v2/product/1665.json]
[blogosphere.cmsmasters.net/modern/product-category/technique/indexc6bb.html]
[blogosphere.cmsmasters.net/modern/product/camera/feed/index.html]
[blogosphere.cmsmasters.net/modern/wp-json/oembed/1.0/embedc6c0.json]
[blogosphere.cmsmasters.net/modern/wp-json/oembed/1.0/embed18a6]
[blogosphere.cmsmasters.net/modern/wp-content/uploads/sites/2/2015/05/shop-4-2.jpg]
[blogosphere.cmsmasters.net/modern/wp-content/uploads/sites/2/2015/05/shop-4-2-150x150.jpg]
[blogosphere.cmsmasters.net/modern/wp-content/plugins/woocommerce/assets/js/frontend/single-product.min823d.js]
[blogosphere.cmsmasters.net/modern/product/camera/index.html]
[blogosphere.cmsmasters.net/modern/wp-content/plugins/woocommerce/packages/woocommerce-blocks/build/cart-frontend0461.js]
[blogosphere.cmsmasters.net/modern/product/camera/indexc727.html]
[blogosphere.cmsmasters.net/modern/product/camera/index2b5c.html]
[blogosphere.cmsmasters.net/modern/wp-includes/js/dist/vendor/lodash.minf492.js]
[blogosphere.cmsmasters.net/modern/wp-includes/js/dist/vendor/react.minbc7c.js]
[blogosphere.cmsmasters.net/modern/wp-includes/js/dist/vendor/wp-polyfill.min2c7c.js]
[blogosphere.cmsmasters.net/modern/wp-includes/js/dist/vendor/regenerator-runtime.min3937.js]
[blogosphere.cmsmasters.net/modern/wp-content/plugins/woocommerce/packages/woocommerce-blocks/build/blocks-checkout2588.js]
[blogosphere.cmsmasters.net/modern/wp-content/plugins/woocommerce/packages/woocommerce-blocks/build/wc-blocks-registrya902.js]
[blogosphere.cmsmasters.net/modern/wp-includes/js/dist/deprecated.min7e39.js]
[blogosphere.cmsmasters.net/modern/wp-includes/js/dist/hooks.mincbb5.js]
[blogosphere.cmsmasters.net/modern/wp-includes/js/dist/element.min6838.js]
[blogosphere.cmsmasters.net/modern/wp-includes/js/dist/vendor/react-dom.minbc7c.js]
[blogosphere.cmsmasters.net/modern/wp-includes/js/dist/escape-html.min7a51.js]
[blogosphere.cmsmasters.net/modern/wp-content/plugins/woocommerce/packages/woocommerce-blocks/build/wc-settingse972.js]
[blogosphere.cmsmasters.net/modern/wp-includes/js/dist/i18n.min771a.js]
[blogosphere.cmsmasters.net/modern/wp-includes/js/dist/api-fetch.minc92a.js]
[blogosphere.cmsmasters.net/modern/wp-includes/js/dist/url.min086b.js]
[blogosphere.cmsmasters.net/modern/wp-includes/js/dist/compose.min0fbb.js]
[blogosphere.cmsmasters.net/modern/wp-includes/js/dist/dom.min5bbc.js]
[blogosphere.cmsmasters.net/modern/wp-includes/js/dist/is-shallow-equal.min2076.js]
[blogosphere.cmsmasters.net/modern/wp-includes/js/dist/keycodes.min0597.js]
[blogosphere.cmsmasters.net/modern/wp-includes/js/dist/priority-queue.min5ca8.js]
[blogosphere.cmsmasters.net/modern/wp-includes/js/dist/data.mine262.js]
[blogosphere.cmsmasters.net/modern/wp-includes/js/dist/redux-routine.min45f9.js]
[blogosphere.cmsmasters.net/modern/wp-includes/js/dist/primitives.min85e8.js]
[blogosphere.cmsmasters.net/modern/wp-includes/js/dist/warning.mincfa1.js]
[blogosphere.cmsmasters.net/modern/wp-content/plugins/woocommerce/packages/woocommerce-blocks/build/wc-blocks-data740f.js]
[blogosphere.cmsmasters.net/modern/wp-includes/js/dist/data-controls.min58fd.js]
[blogosphere.cmsmasters.net/modern/wp-includes/js/dist/html-entities.min349a.js]
[blogosphere.cmsmasters.net/modern/wp-includes/js/dist/notices.mina7df.js]
[blogosphere.cmsmasters.net/modern/wp-content/plugins/woocommerce/packages/woocommerce-blocks/build/wc-blocks-middleware72cc.js]
[blogosphere.cmsmasters.net/modern/wp-content/plugins/woocommerce/packages/woocommerce-blocks/build/wc-blocks-shared-hocs751f.js]
[blogosphere.cmsmasters.net/modern/wp-content/plugins/woocommerce/packages/woocommerce-blocks/build/wc-blocks-shared-contextbce4.js]
[blogosphere.cmsmasters.net/modern/wp-content/plugins/woocommerce/packages/woocommerce-blocks/build/price-format4a75.js]
[blogosphere.cmsmasters.net/modern/wp-includes/js/dist/a11y.min416f.js]
[blogosphere.cmsmasters.net/modern/wp-includes/js/dist/dom-ready.min9aec.js]
[blogosphere.cmsmasters.net/modern/wp-includes/js/dist/autop.min5b69.js]
[blogosphere.cmsmasters.net/modern/wp-includes/js/dist/plugins.mind72e.js]
[blogosphere.cmsmasters.net/modern/wp-includes/js/dist/wordcount.mina679.js]
[blogosphere.cmsmasters.net/modern/shop/indexc6bb.html]
[blogosphere.cmsmasters.net/modern/wp-content/plugins/woocommerce/packages/woocommerce-blocks/build/checkout-frontendfdc9.js]
[blogosphere.cmsmasters.net/modern/wp-content/plugins/woocommerce/assets/css/select2823d.css]
[blogosphere.cmsmasters.net/modern/wp-includes/js/zxcvbn-async.min5152.js]
[blogosphere.cmsmasters.net/modern/cart/feed/index.html]
[blogosphere.cmsmasters.net/modern/wp-json/wp/v2/pages/3840.json]
[blogosphere.cmsmasters.net/modern/wp-json/oembed/1.0/embed939e.json]
[blogosphere.cmsmasters.net/modern/wp-json/oembed/1.0/embedf34b]
[blogosphere.cmsmasters.net/modern/wp-content/plugins/woocommerce/assets/js/frontend/country-select.min823d.js]
[blogosphere.cmsmasters.net/modern/wp-content/plugins/woocommerce/assets/js/frontend/address-i18n.min823d.js]
[blogosphere.cmsmasters.net/modern/wp-content/plugins/woocommerce/assets/js/frontend/cart.min823d.js]
[blogosphere.cmsmasters.net/modern/wp-content/plugins/woocommerce/assets/js/selectWoo/selectWoo.full.minf988.js]
[blogosphere.cmsmasters.net/modern/wp-admin/js/password-strength-meter.min1eb7.js]
[blogosphere.cmsmasters.net/modern/wp-content/plugins/woocommerce/assets/js/frontend/password-strength-meter.min823d.js]
[blogosphere.cmsmasters.net/modern/cart/index.html]
[blogosphere.cmsmasters.net/modern/wp-json/wp/v2/product_cat/33.json]
[blogosphere.cmsmasters.net/modern/product-category/flowers/index.html]
[blogosphere.cmsmasters.net/modern/product-category/flowers/feed/index.html]
[blogosphere.cmsmasters.net/modern/product-category/interior/feed/index.html]
[blogosphere.cmsmasters.net/modern/wp-json/wp/v2/product_cat/34.json]
[blogosphere.cmsmasters.net/modern/product-category/interior/index.html]
[blogosphere.cmsmasters.net/modern/product-category/flowers/indexc727.html]
[blogosphere.cmsmasters.net/modern/product-category/interior/index2b5c.html]
[blogosphere.cmsmasters.net/modern/product-category/interior/indexc727.html]
[blogosphere.cmsmasters.net/modern/wp-json/wp/v2/product/1667.json]
[blogosphere.cmsmasters.net/modern/product/indoor-flower/feed/index.html]
[blogosphere.cmsmasters.net/modern/wp-json/oembed/1.0/embed4a89.json]
[blogosphere.cmsmasters.net/modern/wp-json/oembed/1.0/embed63e2]
[blogosphere.cmsmasters.net/modern/wp-content/uploads/sites/2/2015/05/shop-2-2.jpg]
[blogosphere.cmsmasters.net/modern/wp-content/uploads/sites/2/2015/05/shop-2-2-150x150.jpg]
[blogosphere.cmsmasters.net/modern/product/indoor-flower/index.html]
[blogosphere.cmsmasters.net/modern/shop/indexc727.html]
[blogosphere.cmsmasters.net/modern/product/indoor-flower/index804b.html]
[blogosphere.cmsmasters.net/modern/product/indoor-flower/indexc6bb.html]
[blogosphere.cmsmasters.net/modern/wp-json/wp/v2/product_cat/32.json]
[blogosphere.cmsmasters.net/modern/product-category/accessories/index.html]
[blogosphere.cmsmasters.net/modern/product-category/accessories/feed/index.html]
[blogosphere.cmsmasters.net/modern/wp-json/wp/v2/product/1666.json]
[blogosphere.cmsmasters.net/modern/product-category/accessories/indexf147.html]
[blogosphere.cmsmasters.net/modern/product-category/accessories/index804b.html]
[blogosphere.cmsmasters.net/modern/product/modern-glasses/feed/index.html]
[blogosphere.cmsmasters.net/modern/wp-json/oembed/1.0/embeda26c.json]
[blogosphere.cmsmasters.net/modern/wp-json/oembed/1.0/embed1d01]
[blogosphere.cmsmasters.net/modern/wp-content/uploads/sites/2/2015/05/shop-3-2.jpg]
[blogosphere.cmsmasters.net/modern/wp-content/uploads/sites/2/2015/05/shop-3-2-150x150.jpg]
[blogosphere.cmsmasters.net/modern/product/modern-glasses/index.html]
[blogosphere.cmsmasters.net/modern/shop/indexf147.html]
[blogosphere.cmsmasters.net/modern/wp-json/wp/v2/product/1668.json]
[blogosphere.cmsmasters.net/modern/product/modern-glasses/indexc727.html]
[blogosphere.cmsmasters.net/modern/product/modern-glasses/index804b.html]
[blogosphere.cmsmasters.net/modern/product/spherical-vase/feed/index.html]
[blogosphere.cmsmasters.net/modern/wp-json/oembed/1.0/embed0b7e.json]
[blogosphere.cmsmasters.net/modern/wp-json/oembed/1.0/embed760d]
[blogosphere.cmsmasters.net/modern/wp-content/uploads/sites/2/2015/05/shop-1-2.jpg]
[blogosphere.cmsmasters.net/modern/wp-content/uploads/sites/2/2015/05/shop-1-2-150x150.jpg]
[blogosphere.cmsmasters.net/modern/product/spherical-vase/index.html]
[blogosphere.cmsmasters.net/modern/shop/index2b5c.html]
[blogosphere.cmsmasters.net/modern/product/spherical-vase/indexc6bb.html]
[blogosphere.cmsmasters.net/modern/product/spherical-vase/indexc727.html]
[blogosphere.cmsmasters.net/modern/product/spherical-vase/indexf147.html]
[blogosphere.cmsmasters.net/modern/wp-json/wp/v2/product/1664.json]
[blogosphere.cmsmasters.net/modern/product/style-set/feed/index.html]
[blogosphere.cmsmasters.net/modern/wp-json/oembed/1.0/embed581f.json]
[blogosphere.cmsmasters.net/modern/wp-json/oembed/1.0/embedc182]
[blogosphere.cmsmasters.net/modern/wp-content/uploads/sites/2/2015/05/shop-5-2.jpg]
[blogosphere.cmsmasters.net/modern/wp-content/uploads/sites/2/2015/05/shop-5-2-150x150.jpg]
[blogosphere.cmsmasters.net/modern/product/style-set/index.html]
[blogosphere.cmsmasters.net/modern/shop/index804b.html]
[blogosphere.cmsmasters.net/modern/product/watch/feed/index.html]
[blogosphere.cmsmasters.net/modern/product/style-set/index2b5c.html]
[blogosphere.cmsmasters.net/modern/product/style-set/indexc6bb.html]
[blogosphere.cmsmasters.net/modern/wp-json/wp/v2/product/1663.json]
[blogosphere.cmsmasters.net/modern/wp-json/oembed/1.0/embed9b51.json]
[blogosphere.cmsmasters.net/modern/wp-json/oembed/1.0/embedcbac]
[blogosphere.cmsmasters.net/modern/product/watch/index.html]
[blogosphere.cmsmasters.net/modern/indexd127.html]
[blogosphere.cmsmasters.net/modern/index0dd3.html]
[blogosphere.cmsmasters.net/modern/indexd0b8.html]
[blogosphere.cmsmasters.net/modern/product/watch/indexf147.html]
[blogosphere.cmsmasters.net/modern/product/watch/indexc727.html]
[blogosphere.cmsmasters.net/modern/product/watch/indexc6bb.html]
[blogosphere.cmsmasters.net/modern/wp-json/wp/v2/pj-categs/30.json]
[blogosphere.cmsmasters.net/modern/wp-content/uploads/sites/2/2017/09/project2-4t-350x350.jpg]
[blogosphere.cmsmasters.net/modern/pj-categs/projects/feed/index.html]
[blogosphere.cmsmasters.net/modern/wp-content/uploads/sites/2/2017/09/project2-3t-350x350.jpg]
[blogosphere.cmsmasters.net/modern/wp-content/uploads/sites/2/2017/09/project2-2t-350x350.jpg]
[blogosphere.cmsmasters.net/modern/wp-content/uploads/sites/2/2017/09/project2-7t-350x350.jpg]
[blogosphere.cmsmasters.net/modern/wp-content/uploads/sites/2/2017/09/project2-8t-350x350.jpg]
[blogosphere.cmsmasters.net/modern/pj-categs/projects/index.html]
[blogosphere.cmsmasters.net/modern/author/cmsmasters/page/2/index.html]
[blogosphere.cmsmasters.net/modern/author/cmsmasters/page/3/index.html]
[blogosphere.cmsmasters.net/modern/indexe6f0.html]
[blogosphere.cmsmasters.net/modern/index2752.html]
[blogosphere.cmsmasters.net/modern/2017/09/06/the-role-of-faith-in-improving-the-quality-of-life/index41b7.html]
[blogosphere.cmsmasters.net/modern/index153d.html]
[blogosphere.cmsmasters.net/modern/2/index.html]
[blogosphere.cmsmasters.net/modern/page/1/index.html]
[blogosphere.cmsmasters.net/modern/index44fb.html]
[blogosphere.cmsmasters.net/modern/wp-json/wp/v2/project/8414.json]
[blogosphere.cmsmasters.net/modern/project/photography/feed/index.html]
[blogosphere.cmsmasters.net/modern/wp-json/oembed/1.0/embed4f91.json]
[blogosphere.cmsmasters.net/modern/wp-json/oembed/1.0/embedb990]
[blogosphere.cmsmasters.net/modern/wp-content/uploads/sites/2/2017/09/project2-3t-150x150.jpg]
[blogosphere.cmsmasters.net/modern/project/photography/index.html]
[blogosphere.cmsmasters.net/modern/index5c49.html]
[blogosphere.cmsmasters.net/modern/index15f1.html]
[blogosphere.cmsmasters.net/modern/indexb702.html]
[blogosphere.cmsmasters.net/modern/wp-json/wp/v2/project/606.json]
[blogosphere.cmsmasters.net/modern/project/travel/feed/index.html]
[blogosphere.cmsmasters.net/modern/wp-json/oembed/1.0/embed9bf6.json]
[blogosphere.cmsmasters.net/modern/wp-json/oembed/1.0/embed0920]
[blogosphere.cmsmasters.net/modern/wp-content/uploads/sites/2/2017/09/project2-2.jpg]
[blogosphere.cmsmasters.net/modern/wp-content/uploads/sites/2/2017/09/project2-2-1160x648.jpg]
[blogosphere.cmsmasters.net/modern/project/travel/index.html]
[blogosphere.cmsmasters.net/modern/indexc494.html]
[blogosphere.cmsmasters.net/modern/index0c13.html]
[blogosphere.cmsmasters.net/modern/wp-content/plugins/revslider/public/assets/fonts/revicons/revicons90c6.svg]
[blogosphere.cmsmasters.net/modern/wp-content/plugins/revslider/public/assets/css/openhand.html]
[blogosphere.cmsmasters.net/modern/wp-content/plugins/revslider/public/assets/css/closedhand.html]
[blogosphere.cmsmasters.net/modern/indexc295.html]
[blogosphere.cmsmasters.net/modern/2017/09/24/activities-entertainment-for-kids-adults/index94a5.html]
[blogosphere.cmsmasters.net/modern/index92c7.html]
[blogosphere.cmsmasters.net/modern/index7eb2.html]
[blogosphere.cmsmasters.net/modern/wp-includes/js/mediaelement/mejs-controls.svg]
[blogosphere.cmsmasters.net/modern/index0e6a.html]
[blogosphere.cmsmasters.net/modern/index5d38.html]
[blogosphere.cmsmasters.net/modern/index98f6.html]
[blogosphere.cmsmasters.net/modern/grid-blog/page/1/index.html]
[blogosphere.cmsmasters.net/modern/product-category/shop/indexc6bb.html]
[blogosphere.cmsmasters.net/modern/product-category/shop/indexc727.html]
[blogosphere.cmsmasters.net/modern/product-category/shop/indexf147.html]
[blogosphere.cmsmasters.net/modern/product-category/shop/index2b5c.html]
[blogosphere.cmsmasters.net/modern/product-category/shop/index804b.html]
[blogosphere.cmsmasters.net/modern/product-category/technique/indexc6bb.html]
[blogosphere.cmsmasters.net/modern/index3e90.html]
[blogosphere.cmsmasters.net/modern/product/camera/indexc727.html]
[blogosphere.cmsmasters.net/modern/product/camera/index2b5c.html]
[blogosphere.cmsmasters.net/modern/wp-content/plugins/woocommerce/assets/css/select2823d.css]
[blogosphere.cmsmasters.net/modern/indexd3da.html]
[blogosphere.cmsmasters.net/modern/product-category/flowers/indexc727.html]
[blogosphere.cmsmasters.net/modern/product-category/interior/indexc727.html]
[blogosphere.cmsmasters.net/modern/product-category/interior/index2b5c.html]
[blogosphere.cmsmasters.net/modern/index1f00.html]
[blogosphere.cmsmasters.net/modern/product/indoor-flower/index804b.html]
[blogosphere.cmsmasters.net/modern/product/camera/indexf147.html]
[blogosphere.cmsmasters.net/modern/product/indoor-flower/indexc6bb.html]
[blogosphere.cmsmasters.net/modern/product-category/accessories/indexf147.html]
[blogosphere.cmsmasters.net/modern/product-category/accessories/index804b.html]
[blogosphere.cmsmasters.net/modern/indexf688.html]
[blogosphere.cmsmasters.net/modern/product/modern-glasses/index804b.html]
[blogosphere.cmsmasters.net/modern/product/camera/index804b.html]
[blogosphere.cmsmasters.net/modern/product/modern-glasses/indexc727.html]
[blogosphere.cmsmasters.net/modern/product/indoor-flower/index2b5c.html]
[blogosphere.cmsmasters.net/modern/indexcd53.html]
[blogosphere.cmsmasters.net/modern/product/spherical-vase/indexc727.html]
[blogosphere.cmsmasters.net/modern/product/spherical-vase/indexc6bb.html]
[blogosphere.cmsmasters.net/modern/product/spherical-vase/indexf147.html]
[blogosphere.cmsmasters.net/modern/indexfbb7.html]
[blogosphere.cmsmasters.net/modern/product/style-set/indexc6bb.html]
[blogosphere.cmsmasters.net/modern/product/indoor-flower/indexf147.html]
[blogosphere.cmsmasters.net/modern/product/modern-glasses/indexc6bb.html]
[blogosphere.cmsmasters.net/modern/product/style-set/index2b5c.html]
[blogosphere.cmsmasters.net/modern/index7b62.html]
[blogosphere.cmsmasters.net/modern/product/watch/indexf147.html]
[blogosphere.cmsmasters.net/modern/product/watch/indexc6bb.html]
[blogosphere.cmsmasters.net/modern/product/watch/indexc727.html]
[blogosphere.cmsmasters.net/modern/author/cmsmasters/page/1/index.html]
[blogosphere.cmsmasters.net/modern/index49f9.html]
[blogosphere.cmsmasters.net/modern/indexce2e.html]
[blogosphere.cmsmasters.net/modern/product/camera/indexf147.html]
[blogosphere.cmsmasters.net/modern/product/modern-glasses/index2b5c.html]
[blogosphere.cmsmasters.net/modern/product/camera/index804b.html]
[blogosphere.cmsmasters.net/modern/product/indoor-flower/index2b5c.html]
[blogosphere.cmsmasters.net/modern/product/indoor-flower/indexf147.html]
[blogosphere.cmsmasters.net/modern/product/modern-glasses/indexc6bb.html]
[blogosphere.cmsmasters.net/modern/product/modern-glasses/index2b5c.html]
[blogosphere.cmsmasters.net/modern/product/style-set/indexc727.html]
[blogosphere.cmsmasters.net/modern/product/style-set/indexc727.html]
[blogosphere.cmsmasters.net/modern/product/watch/index2b5c.html]
[blogosphere.cmsmasters.net/modern/product/watch/index2b5c.html]
[blogosphere.cmsmasters.net/modern/product/style-set/indexf147.html]
[blogosphere.cmsmasters.net/modern/product/style-set/indexf147.html]
